******************************************************************************
                  TI ARM Linker PC v20.2.5                     
******************************************************************************
>> Linked Mon Mar 28 21:14:46 2022

OUTPUT FILE NAME:   <binary_clock_v1.out>
ENTRY POINT SYMBOL: "_c_int00_noargs"  address: 0000090d


MEMORY CONFIGURATION

         name            origin    length      used     unused   attr    fill
----------------------  --------  ---------  --------  --------  ----  --------
  MAIN                  00000000   00040000  000009b4  0003f64c  R  X
  INFO                  00200000   00004000  00000000  00004000  R  X
  SRAM_CODE             01000000   00010000  00000218  0000fde8  RW X
  SRAM_DATA             20000000   00010000  00000218  0000fde8  RW  


SEGMENT ALLOCATION MAP

run origin  load origin   length   init length attrs members
----------  ----------- ---------- ----------- ----- -------
00000000    00000000    000009bc   000009bc    r-x
  00000000    00000000    000000e4   000000e4    r-- .intvecs
  000000e8    000000e8    00000880   00000880    r-x .text
  00000968    00000968    0000002c   0000002c    r-- .const
  00000998    00000998    00000024   00000024    r-- .cinit
20000000    20000000    00000018   00000000    rw-
  20000000    20000000    00000018   00000000    rw- .data
2000fe00    2000fe00    00000200   00000000    rw-
  2000fe00    2000fe00    00000200   00000000    rw- .stack


SECTION ALLOCATION MAP

 output                                  attributes/
section   page    origin      length       input sections
--------  ----  ----------  ----------   ----------------
.intvecs   0    00000000    000000e4     
                  00000000    000000e4     startup_msp432p401r_ccs.obj (.intvecs:retain)

.text      0    000000e8    00000880     
                  000000e8    0000066c     main.obj (.text)
                  00000754    0000009c     rtsv7M4_T_le_v4SPD16_eabi.lib : memcpy_t2.asm.obj (.text)
                  000007f0    0000006e     system_msp432p401r.obj (.text)
                  0000085e    00000068     rtsv7M4_T_le_v4SPD16_eabi.lib : copy_decompress_lzss.c.obj (.text:decompress:lzss:__TI_decompress_lzss)
                  000008c6    00000002     --HOLE-- [fill = 0]
                  000008c8    00000044                                   : autoinit.c.obj (.text:__TI_auto_init_nobinit_nopinit:__TI_auto_init_nobinit_nopinit)
                  0000090c    00000034                                   : boot_cortex_m.c.obj (.text:_c_int00_noargs:_c_int00_noargs)
                  00000940    00000012     startup_msp432p401r_ccs.obj (.text)
                  00000952    0000000e     rtsv7M4_T_le_v4SPD16_eabi.lib : copy_decompress_none.c.obj (.text:decompress:none:__TI_decompress_none)
                  00000960    00000004                                   : pre_init.c.obj (.text:_system_pre_init)
                  00000964    00000004                                   : exit.c.obj (.text:abort:abort)

.const     0    00000968    0000002c     
                  00000968    0000002c     main.obj (.const:$O2$$)

.cinit     0    00000998    00000024     
                  00000998    00000012     (.cinit..data.load) [load image, compression = lzss]
                  000009aa    00000002     --HOLE-- [fill = 0]
                  000009ac    00000008     (__TI_handler_table)
                  000009b4    00000008     (__TI_cinit_table)

.init_array 
*          0    00000000    00000000     UNINITIALIZED

.binit     0    00000000    00000000     

.data      0    20000000    00000018     UNINITIALIZED
                  20000000    00000018     main.obj (.data:$O1$$)

.stack     0    2000fe00    00000200     UNINITIALIZED
                  2000fe00    00000004     rtsv7M4_T_le_v4SPD16_eabi.lib : boot_cortex_m.c.obj (.stack)
                  2000fe04    000001fc     --HOLE--

__llvm_prf_cnts 
*          0    20000000    00000000     UNINITIALIZED

MODULE SUMMARY

       Module                        code   ro data   rw data
       ------                        ----   -------   -------
    .\
       main.obj                      1644   44        48     
       startup_msp432p401r_ccs.obj   18     228       0      
       system_msp432p401r.obj        110    0         0      
    +--+-----------------------------+------+---------+---------+
       Total:                        1772   272       48     
                                                             
    C:\ti\ccs1110\ccs\tools\compiler\ti-cgt-arm_20.2.5.LTS\lib\rtsv7M4_T_le_v4SPD16_eabi.lib
       memcpy_t2.asm.obj             156    0         0      
       copy_decompress_lzss.c.obj    104    0         0      
       autoinit.c.obj                68     0         0      
       boot_cortex_m.c.obj           52     0         0      
       copy_decompress_none.c.obj    14     0         0      
       exit.c.obj                    4      0         0      
       pre_init.c.obj                4      0         0      
    +--+-----------------------------+------+---------+---------+
       Total:                        402    0         0      
                                                             
       Stack:                        0      0         1024   
       Linker Generated:             0      34        0      
    +--+-----------------------------+------+---------+---------+
       Grand Total:                  2174   306       1072   


LINKER GENERATED COPY TABLES

__TI_cinit_table @ 000009b4 records: 1, size/record: 8, table size: 8
	.data: load addr=00000998, load size=00000012 bytes, run addr=20000000, run size=00000018 bytes, compression=lzss


LINKER GENERATED HANDLER TABLE

__TI_handler_table @ 000009ac records: 2, size/record: 4, table size: 8
	index: 0, handler: __TI_decompress_lzss
	index: 1, handler: __TI_decompress_none


GLOBAL SYMBOLS: SORTED ALPHABETICALLY BY Name 

address   name                          
-------   ----                          
00000951  ADC14_IRQHandler              
00000951  AES256_IRQHandler             
00000951  BusFault_Handler              
00000965  C$$EXIT                       
00000951  COMP_E0_IRQHandler            
00000951  COMP_E1_IRQHandler            
00000951  CS_IRQHandler                 
00000951  DMA_ERR_IRQHandler            
00000951  DMA_INT0_IRQHandler           
00000951  DMA_INT1_IRQHandler           
00000951  DMA_INT2_IRQHandler           
00000951  DMA_INT3_IRQHandler           
00000951  DebugMon_Handler              
00000951  Default_Handler               
00000951  EUSCIA0_IRQHandler            
00000951  EUSCIA1_IRQHandler            
00000951  EUSCIA2_IRQHandler            
00000951  EUSCIA3_IRQHandler            
00000951  EUSCIB0_IRQHandler            
00000951  EUSCIB1_IRQHandler            
00000951  EUSCIB2_IRQHandler            
00000951  EUSCIB3_IRQHandler            
00000951  FLCTL_IRQHandler              
00000951  FPU_IRQHandler                
000000e9  GLCD_command_write            
00000429  GLCD_data_write               
00000469  GLCD_display                  
00000951  HardFault_Handler             
00000951  MemManage_Handler             
00000951  NMI_Handler                   
00000951  PCM_IRQHandler                
00000951  PORT1_IRQHandler              
00000951  PORT2_IRQHandler              
00000951  PORT3_IRQHandler              
00000951  PORT4_IRQHandler              
00000951  PORT5_IRQHandler              
00000951  PORT6_IRQHandler              
00000951  PSS_IRQHandler                
00000951  PendSV_Handler                
00000951  RTC_C_IRQHandler              
00000941  Reset_Handler                 
00000951  SVC_Handler                   
00000951  SysTick_Handler               
000007f1  SystemInit                    
00000951  T32_INT1_IRQHandler           
00000951  T32_INT2_IRQHandler           
00000951  T32_INTC_IRQHandler           
00000951  TA0_0_IRQHandler              
00000951  TA0_N_IRQHandler              
00000951  TA1_0_IRQHandler              
00000951  TA1_N_IRQHandler              
00000951  TA2_0_IRQHandler              
00000951  TA2_N_IRQHandler              
00000951  TA3_0_IRQHandler              
00000951  TA3_N_IRQHandler              
00000951  UsageFault_Handler            
4000480c  WDTCTL_SYM                    
00000951  WDT_A_IRQHandler              
20010000  __STACK_END                   
00000200  __STACK_SIZE                  
000009b4  __TI_CINIT_Base               
000009bc  __TI_CINIT_Limit              
000009ac  __TI_Handler_Table_Base       
000009b4  __TI_Handler_Table_Limit      
000008c9  __TI_auto_init_nobinit_nopinit
0000085f  __TI_decompress_lzss          
00000953  __TI_decompress_none          
ffffffff  __TI_pprof_out_hndl           
ffffffff  __TI_prof_data_size           
ffffffff  __TI_prof_data_start          
00000000  __TI_static_base__            
00000755  __aeabi_memcpy                
00000755  __aeabi_memcpy4               
00000755  __aeabi_memcpy8               
ffffffff  __binit__                     
ffffffff  __c_args__                    
UNDEFED   __mpu_init                    
2000fe00  __stack                       
20000000  __start___llvm_prf_cnts       
20000000  __stop___llvm_prf_cnts        
0000090d  _c_int00_noargs               
UNDEFED   _system_post_cinit            
00000961  _system_pre_init              
00000965  abort                         
ffffffff  binit                         
000002c9  convert_time                  
20000000  hour                          
00000000  interruptVectors              
00000539  main                          
00000755  memcpy                        
20000008  minute                        
00000968  parts                         
20000010  second                        
00000129  time                          


GLOBAL SYMBOLS: SORTED BY Symbol Address 

address   name                          
-------   ----                          
00000000  __TI_static_base__            
00000000  interruptVectors              
000000e9  GLCD_command_write            
00000129  time                          
00000200  __STACK_SIZE                  
000002c9  convert_time                  
00000429  GLCD_data_write               
00000469  GLCD_display                  
00000539  main                          
00000755  __aeabi_memcpy                
00000755  __aeabi_memcpy4               
00000755  __aeabi_memcpy8               
00000755  memcpy                        
000007f1  SystemInit                    
0000085f  __TI_decompress_lzss          
000008c9  __TI_auto_init_nobinit_nopinit
0000090d  _c_int00_noargs               
00000941  Reset_Handler                 
00000951  ADC14_IRQHandler              
00000951  AES256_IRQHandler             
00000951  BusFault_Handler              
00000951  COMP_E0_IRQHandler            
00000951  COMP_E1_IRQHandler            
00000951  CS_IRQHandler                 
00000951  DMA_ERR_IRQHandler            
00000951  DMA_INT0_IRQHandler           
00000951  DMA_INT1_IRQHandler           
00000951  DMA_INT2_IRQHandler           
00000951  DMA_INT3_IRQHandler           
00000951  DebugMon_Handler              
00000951  Default_Handler               
00000951  EUSCIA0_IRQHandler            
00000951  EUSCIA1_IRQHandler            
00000951  EUSCIA2_IRQHandler            
00000951  EUSCIA3_IRQHandler            
00000951  EUSCIB0_IRQHandler            
00000951  EUSCIB1_IRQHandler            
00000951  EUSCIB2_IRQHandler            
00000951  EUSCIB3_IRQHandler            
00000951  FLCTL_IRQHandler              
00000951  FPU_IRQHandler                
00000951  HardFault_Handler             
00000951  MemManage_Handler             
00000951  NMI_Handler                   
00000951  PCM_IRQHandler                
00000951  PORT1_IRQHandler              
00000951  PORT2_IRQHandler              
00000951  PORT3_IRQHandler              
00000951  PORT4_IRQHandler              
00000951  PORT5_IRQHandler              
00000951  PORT6_IRQHandler              
00000951  PSS_IRQHandler                
00000951  PendSV_Handler                
00000951  RTC_C_IRQHandler              
00000951  SVC_Handler                   
00000951  SysTick_Handler               
00000951  T32_INT1_IRQHandler           
00000951  T32_INT2_IRQHandler           
00000951  T32_INTC_IRQHandler           
00000951  TA0_0_IRQHandler              
00000951  TA0_N_IRQHandler              
00000951  TA1_0_IRQHandler              
00000951  TA1_N_IRQHandler              
00000951  TA2_0_IRQHandler              
00000951  TA2_N_IRQHandler              
00000951  TA3_0_IRQHandler              
00000951  TA3_N_IRQHandler              
00000951  UsageFault_Handler            
00000951  WDT_A_IRQHandler              
00000953  __TI_decompress_none          
00000961  _system_pre_init              
00000965  C$$EXIT                       
00000965  abort                         
00000968  parts                         
000009ac  __TI_Handler_Table_Base       
000009b4  __TI_CINIT_Base               
000009b4  __TI_Handler_Table_Limit      
000009bc  __TI_CINIT_Limit              
20000000  __start___llvm_prf_cnts       
20000000  __stop___llvm_prf_cnts        
20000000  hour                          
20000008  minute                        
20000010  second                        
2000fe00  __stack                       
20010000  __STACK_END                   
4000480c  WDTCTL_SYM                    
ffffffff  __TI_pprof_out_hndl           
ffffffff  __TI_prof_data_size           
ffffffff  __TI_prof_data_start          
ffffffff  __binit__                     
ffffffff  __c_args__                    
ffffffff  binit                         
UNDEFED   __mpu_init                    
UNDEFED   _system_post_cinit            

[94 symbols]
