******************************************************************************
                  TI ARM Linker PC v20.2.5                     
******************************************************************************
>> Linked Mon Mar 28 20:59:36 2022

OUTPUT FILE NAME:   <binary_clock_v1.out>
ENTRY POINT SYMBOL: "_c_int00_noargs"  address: 0000097d


MEMORY CONFIGURATION

         name            origin    length      used     unused   attr    fill
----------------------  --------  ---------  --------  --------  ----  --------
  MAIN                  00000000   00040000  00000a26  0003f5da  R  X
  INFO                  00200000   00004000  00000000  00004000  R  X
  SRAM_CODE             01000000   00010000  0000021c  0000fde4  RW X
  SRAM_DATA             20000000   00010000  0000021c  0000fde4  RW  


SEGMENT ALLOCATION MAP

run origin  load origin   length   init length attrs members
----------  ----------- ---------- ----------- ----- -------
00000000    00000000    00000a28   00000a28    r-x
  00000000    00000000    000000e4   000000e4    r-- .intvecs
  000000e4    000000e4    000008f0   000008f0    r-x .text
  000009d4    000009d4    0000002a   0000002a    r-- .const
  00000a00    00000a00    00000028   00000028    r-- .cinit
20000000    20000000    0000001c   00000000    rw-
  20000000    20000000    0000001c   00000000    rw- .data
2000fe00    2000fe00    00000200   00000000    rw-
  2000fe00    2000fe00    00000200   00000000    rw- .stack


SECTION ALLOCATION MAP

 output                                  attributes/
section   page    origin      length       input sections
--------  ----  ----------  ----------   ----------------
.intvecs   0    00000000    000000e4     
                  00000000    000000e4     startup_msp432p401r_ccs.obj (.intvecs:retain)

.text      0    000000e4    000008f0     
                  000000e4    000004c8     main.obj (.text)
                  000005ac    00000288     system_msp432p401r.obj (.text)
                  00000834    0000009c     rtsv7M4_T_le_v4SPD16_eabi.lib : memcpy_t2.asm.obj (.text)
                  000008d0    00000068                                   : copy_decompress_lzss.c.obj (.text:decompress:lzss:__TI_decompress_lzss)
                  00000938    00000044                                   : autoinit.c.obj (.text:__TI_auto_init_nobinit_nopinit:__TI_auto_init_nobinit_nopinit)
                  0000097c    00000034                                   : boot_cortex_m.c.obj (.text:_c_int00_noargs:_c_int00_noargs)
                  000009b0    0000000e                                   : copy_decompress_none.c.obj (.text:decompress:none:__TI_decompress_none)
                  000009be    0000000e     startup_msp432p401r_ccs.obj (.text)
                  000009cc    00000004     rtsv7M4_T_le_v4SPD16_eabi.lib : pre_init.c.obj (.text:_system_pre_init)
                  000009d0    00000004                                   : exit.c.obj (.text:abort:abort)

.const     0    000009d4    0000002a     
                  000009d4    00000024     main.obj (.const:$P$T0$1)
                  000009f8    00000006     main.obj (.const:.string:parts)

.cinit     0    00000a00    00000028     
                  00000a00    00000016     (.cinit..data.load) [load image, compression = lzss]
                  00000a16    00000002     --HOLE-- [fill = 0]
                  00000a18    00000008     (__TI_handler_table)
                  00000a20    00000008     (__TI_cinit_table)

.init_array 
*          0    00000000    00000000     UNINITIALIZED

.binit     0    00000000    00000000     

.data      0    20000000    0000001c     UNINITIALIZED
                  20000000    00000008     main.obj (.data:hour)
                  20000008    00000008     main.obj (.data:minute)
                  20000010    00000008     main.obj (.data:second)
                  20000018    00000004     system_msp432p401r.obj (.data)

.stack     0    2000fe00    00000200     UNINITIALIZED
                  2000fe00    00000004     rtsv7M4_T_le_v4SPD16_eabi.lib : boot_cortex_m.c.obj (.stack)
                  2000fe04    000001fc     --HOLE--

__llvm_prf_cnts 
*          0    20000000    00000000     UNINITIALIZED

MODULE SUMMARY

       Module                        code   ro data   rw data
       ------                        ----   -------   -------
    .\
       main.obj                      1224   42        48     
       system_msp432p401r.obj        648    0         8      
       startup_msp432p401r_ccs.obj   14     228       0      
    +--+-----------------------------+------+---------+---------+
       Total:                        1886   270       56     
                                                             
    C:\ti\ccs1110\ccs\tools\compiler\ti-cgt-arm_20.2.5.LTS\lib\rtsv7M4_T_le_v4SPD16_eabi.lib
       memcpy_t2.asm.obj             156    0         0      
       copy_decompress_lzss.c.obj    104    0         0      
       autoinit.c.obj                68     0         0      
       boot_cortex_m.c.obj           52     0         0      
       copy_decompress_none.c.obj    14     0         0      
       exit.c.obj                    4      0         0      
       pre_init.c.obj                4      0         0      
    +--+-----------------------------+------+---------+---------+
       Total:                        402    0         0      
                                                             
       Stack:                        0      0         1024   
       Linker Generated:             0      38        0      
    +--+-----------------------------+------+---------+---------+
       Grand Total:                  2288   308       1080   


LINKER GENERATED COPY TABLES

__TI_cinit_table @ 00000a20 records: 1, size/record: 8, table size: 8
	.data: load addr=00000a00, load size=00000016 bytes, run addr=20000000, run size=0000001c bytes, compression=lzss


LINKER GENERATED HANDLER TABLE

__TI_handler_table @ 00000a18 records: 2, size/record: 4, table size: 8
	index: 0, handler: __TI_decompress_lzss
	index: 1, handler: __TI_decompress_none


GLOBAL SYMBOLS: SORTED ALPHABETICALLY BY Name 

address   name                          
-------   ----                          
000009cb  ADC14_IRQHandler              
000009cb  AES256_IRQHandler             
000009cb  BusFault_Handler              
000009d1  C$$EXIT                       
000009cb  COMP_E0_IRQHandler            
000009cb  COMP_E1_IRQHandler            
000009cb  CS_IRQHandler                 
000009cb  DMA_ERR_IRQHandler            
000009cb  DMA_INT0_IRQHandler           
000009cb  DMA_INT1_IRQHandler           
000009cb  DMA_INT2_IRQHandler           
000009cb  DMA_INT3_IRQHandler           
000009cb  DebugMon_Handler              
000009cb  Default_Handler               
000009cb  EUSCIA0_IRQHandler            
000009cb  EUSCIA1_IRQHandler            
000009cb  EUSCIA2_IRQHandler            
000009cb  EUSCIA3_IRQHandler            
000009cb  EUSCIB0_IRQHandler            
000009cb  EUSCIB1_IRQHandler            
000009cb  EUSCIB2_IRQHandler            
000009cb  EUSCIB3_IRQHandler            
000009cb  FLCTL_IRQHandler              
000009cb  FPU_IRQHandler                
00000559  GLCD_clear                    
000001f3  GLCD_command_write            
000003f5  GLCD_data_write               
00000425  GLCD_display                  
00000201  GLCD_init                     
0000053b  GLCD_setCursor                
00000403  GLCD_writePart                
000009cb  HardFault_Handler             
000009cb  MemManage_Handler             
000009cb  NMI_Handler                   
000009cb  PCM_IRQHandler                
000009cb  PORT1_IRQHandler              
000009cb  PORT2_IRQHandler              
000009cb  PORT3_IRQHandler              
000009cb  PORT4_IRQHandler              
000009cb  PORT5_IRQHandler              
000009cb  PORT6_IRQHandler              
000009cb  PSS_IRQHandler                
000009cb  PendSV_Handler                
000009cb  RTC_C_IRQHandler              
000009bf  Reset_Handler                 
0000019b  SPI_init                      
000001cd  SPI_write                     
000009cb  SVC_Handler                   
000009cb  SysTick_Handler               
20000018  SystemCoreClock               
000005fd  SystemCoreClockUpdate         
000005ad  SystemInit                    
000009cb  T32_INT1_IRQHandler           
000009cb  T32_INT2_IRQHandler           
000009cb  T32_INTC_IRQHandler           
000009cb  TA0_0_IRQHandler              
000009cb  TA0_N_IRQHandler              
000009cb  TA1_0_IRQHandler              
000009cb  TA1_N_IRQHandler              
000009cb  TA2_0_IRQHandler              
000009cb  TA2_N_IRQHandler              
000009cb  TA3_0_IRQHandler              
000009cb  TA3_N_IRQHandler              
000009cb  UsageFault_Handler            
4000480c  WDTCTL_SYM                    
000009cb  WDT_A_IRQHandler              
20010000  __STACK_END                   
00000200  __STACK_SIZE                  
00000a20  __TI_CINIT_Base               
00000a28  __TI_CINIT_Limit              
00000a18  __TI_Handler_Table_Base       
00000a20  __TI_Handler_Table_Limit      
00000939  __TI_auto_init_nobinit_nopinit
000008d1  __TI_decompress_lzss          
000009b1  __TI_decompress_none          
ffffffff  __TI_pprof_out_hndl           
ffffffff  __TI_prof_data_size           
ffffffff  __TI_prof_data_start          
00000000  __TI_static_base__            
00000835  __aeabi_memcpy                
00000835  __aeabi_memcpy4               
00000835  __aeabi_memcpy8               
ffffffff  __binit__                     
ffffffff  __c_args__                    
UNDEFED   __mpu_init                    
2000fe00  __stack                       
20000000  __start___llvm_prf_cnts       
20000000  __stop___llvm_prf_cnts        
0000097d  _c_int00_noargs               
UNDEFED   _system_post_cinit            
000009cd  _system_pre_init              
000009d1  abort                         
00000475  addHour                       
000004ad  addMin                        
000004e5  addSec                        
ffffffff  binit                         
000000e5  convert_D_B                   
00000253  convert_time                  
20000000  hour                          
00000000  interruptVectors              
00000513  main                          
00000835  memcpy                        
20000008  minute                        
00000185  part                          
000009f8  parts                         
00000169  reset_time                    
20000010  second                        
0000011d  time                          


GLOBAL SYMBOLS: SORTED BY Symbol Address 

address   name                          
-------   ----                          
00000000  __TI_static_base__            
00000000  interruptVectors              
000000e5  convert_D_B                   
0000011d  time                          
00000169  reset_time                    
00000185  part                          
0000019b  SPI_init                      
000001cd  SPI_write                     
000001f3  GLCD_command_write            
00000200  __STACK_SIZE                  
00000201  GLCD_init                     
00000253  convert_time                  
000003f5  GLCD_data_write               
00000403  GLCD_writePart                
00000425  GLCD_display                  
00000475  addHour                       
000004ad  addMin                        
000004e5  addSec                        
00000513  main                          
0000053b  GLCD_setCursor                
00000559  GLCD_clear                    
000005ad  SystemInit                    
000005fd  SystemCoreClockUpdate         
00000835  __aeabi_memcpy                
00000835  __aeabi_memcpy4               
00000835  __aeabi_memcpy8               
00000835  memcpy                        
000008d1  __TI_decompress_lzss          
00000939  __TI_auto_init_nobinit_nopinit
0000097d  _c_int00_noargs               
000009b1  __TI_decompress_none          
000009bf  Reset_Handler                 
000009cb  ADC14_IRQHandler              
000009cb  AES256_IRQHandler             
000009cb  BusFault_Handler              
000009cb  COMP_E0_IRQHandler            
000009cb  COMP_E1_IRQHandler            
000009cb  CS_IRQHandler                 
000009cb  DMA_ERR_IRQHandler            
000009cb  DMA_INT0_IRQHandler           
000009cb  DMA_INT1_IRQHandler           
000009cb  DMA_INT2_IRQHandler           
000009cb  DMA_INT3_IRQHandler           
000009cb  DebugMon_Handler              
000009cb  Default_Handler               
000009cb  EUSCIA0_IRQHandler            
000009cb  EUSCIA1_IRQHandler            
000009cb  EUSCIA2_IRQHandler            
000009cb  EUSCIA3_IRQHandler            
000009cb  EUSCIB0_IRQHandler            
000009cb  EUSCIB1_IRQHandler            
000009cb  EUSCIB2_IRQHandler            
000009cb  EUSCIB3_IRQHandler            
000009cb  FLCTL_IRQHandler              
000009cb  FPU_IRQHandler                
000009cb  HardFault_Handler             
000009cb  MemManage_Handler             
000009cb  NMI_Handler                   
000009cb  PCM_IRQHandler                
000009cb  PORT1_IRQHandler              
000009cb  PORT2_IRQHandler              
000009cb  PORT3_IRQHandler              
000009cb  PORT4_IRQHandler              
000009cb  PORT5_IRQHandler              
000009cb  PORT6_IRQHandler              
000009cb  PSS_IRQHandler                
000009cb  PendSV_Handler                
000009cb  RTC_C_IRQHandler              
000009cb  SVC_Handler                   
000009cb  SysTick_Handler               
000009cb  T32_INT1_IRQHandler           
000009cb  T32_INT2_IRQHandler           
000009cb  T32_INTC_IRQHandler           
000009cb  TA0_0_IRQHandler              
000009cb  TA0_N_IRQHandler              
000009cb  TA1_0_IRQHandler              
000009cb  TA1_N_IRQHandler              
000009cb  TA2_0_IRQHandler              
000009cb  TA2_N_IRQHandler              
000009cb  TA3_0_IRQHandler              
000009cb  TA3_N_IRQHandler              
000009cb  UsageFault_Handler            
000009cb  WDT_A_IRQHandler              
000009cd  _system_pre_init              
000009d1  C$$EXIT                       
000009d1  abort                         
000009f8  parts                         
00000a18  __TI_Handler_Table_Base       
00000a20  __TI_CINIT_Base               
00000a20  __TI_Handler_Table_Limit      
00000a28  __TI_CINIT_Limit              
20000000  __start___llvm_prf_cnts       
20000000  __stop___llvm_prf_cnts        
20000000  hour                          
20000008  minute                        
20000010  second                        
20000018  SystemCoreClock               
2000fe00  __stack                       
20010000  __STACK_END                   
4000480c  WDTCTL_SYM                    
ffffffff  __TI_pprof_out_hndl           
ffffffff  __TI_prof_data_size           
ffffffff  __TI_prof_data_start          
ffffffff  __binit__                     
ffffffff  __c_args__                    
ffffffff  binit                         
UNDEFED   __mpu_init                    
UNDEFED   _system_post_cinit            

[108 symbols]
