******************************************************************************
                  TI ARM Linker PC v20.2.5                     
******************************************************************************
>> Linked Thu Mar 31 17:54:35 2022

OUTPUT FILE NAME:   <binary_clock_v1.out>
ENTRY POINT SYMBOL: "_c_int00_noargs"  address: 00000a49


MEMORY CONFIGURATION

         name            origin    length      used     unused   attr    fill
----------------------  --------  ---------  --------  --------  ----  --------
  MAIN                  00000000   00040000  00000ae8  0003f518  R  X
  INFO                  00200000   00004000  00000000  00004000  R  X
  SRAM_CODE             01000000   00010000  00000220  0000fde0  RW X
  SRAM_DATA             20000000   00010000  00000220  0000fde0  RW  


SEGMENT ALLOCATION MAP

run origin  load origin   length   init length attrs members
----------  ----------- ---------- ----------- ----- -------
00000000    00000000    00000aec   00000aec    r-x
  00000000    00000000    000000e4   000000e4    r-- .intvecs
  000000e4    000000e4    000009bc   000009bc    r-x .text
  00000aa0    00000aa0    00000024   00000024    r-- .const
  00000ac8    00000ac8    00000024   00000024    r-- .cinit
20000000    20000000    00000020   00000000    rw-
  20000000    20000000    00000020   00000000    rw- .data
2000fe00    2000fe00    00000200   00000000    rw-
  2000fe00    2000fe00    00000200   00000000    rw- .stack


SECTION ALLOCATION MAP

 output                                  attributes/
section   page    origin      length       input sections
--------  ----  ----------  ----------   ----------------
.intvecs   0    00000000    000000e4     
                  00000000    000000e4     startup_msp432p401r_ccs.obj (.intvecs:retain)

.text      0    000000e4    000009bc     
                  000000e4    000007b4     main.obj (.text)
                  00000898    0000009c     rtsv7M4_T_le_v4SPD16_eabi.lib : memcpy_t2.asm.obj (.text)
                  00000934    00000068                                   : copy_decompress_lzss.c.obj (.text:decompress:lzss:__TI_decompress_lzss)
                  0000099c    00000068     system_msp432p401r.obj (.text)
                  00000a04    00000044     rtsv7M4_T_le_v4SPD16_eabi.lib : autoinit.c.obj (.text:__TI_auto_init_nobinit_nopinit:__TI_auto_init_nobinit_nopinit)
                  00000a48    00000034                                   : boot_cortex_m.c.obj (.text:_c_int00_noargs:_c_int00_noargs)
                  00000a7c    0000000e                                   : copy_decompress_none.c.obj (.text:decompress:none:__TI_decompress_none)
                  00000a8a    0000000e     startup_msp432p401r_ccs.obj (.text)
                  00000a98    00000004     rtsv7M4_T_le_v4SPD16_eabi.lib : pre_init.c.obj (.text:_system_pre_init)
                  00000a9c    00000004                                   : exit.c.obj (.text:abort:abort)

.const     0    00000aa0    00000024     
                  00000aa0    00000024     main.obj (.const:$P$T0$1$0)

.cinit     0    00000ac8    00000024     
                  00000ac8    00000011     (.cinit..data.load) [load image, compression = lzss]
                  00000ad9    00000003     --HOLE-- [fill = 0]
                  00000adc    00000008     (__TI_handler_table)
                  00000ae4    00000008     (__TI_cinit_table)

.init_array 
*          0    00000000    00000000     UNINITIALIZED

.binit     0    00000000    00000000     

.data      0    20000000    00000020     UNINITIALIZED
                  20000000    00000020     main.obj (.data:$O1$$)

.stack     0    2000fe00    00000200     UNINITIALIZED
                  2000fe00    00000004     rtsv7M4_T_le_v4SPD16_eabi.lib : boot_cortex_m.c.obj (.stack)
                  2000fe04    000001fc     --HOLE--

__llvm_prf_cnts 
*          0    20000000    00000000     UNINITIALIZED

MODULE SUMMARY

       Module                        code   ro data   rw data
       ------                        ----   -------   -------
    .\
       main.obj                      1972   36        64     
       startup_msp432p401r_ccs.obj   14     228       0      
       system_msp432p401r.obj        104    0         0      
    +--+-----------------------------+------+---------+---------+
       Total:                        2090   264       64     
                                                             
    C:\ti\ccs1110\ccs\tools\compiler\ti-cgt-arm_20.2.5.LTS\lib\rtsv7M4_T_le_v4SPD16_eabi.lib
       memcpy_t2.asm.obj             156    0         0      
       copy_decompress_lzss.c.obj    104    0         0      
       autoinit.c.obj                68     0         0      
       boot_cortex_m.c.obj           52     0         0      
       copy_decompress_none.c.obj    14     0         0      
       exit.c.obj                    4      0         0      
       pre_init.c.obj                4      0         0      
    +--+-----------------------------+------+---------+---------+
       Total:                        402    0         0      
                                                             
       Stack:                        0      0         1024   
       Linker Generated:             0      33        0      
    +--+-----------------------------+------+---------+---------+
       Grand Total:                  2492   297       1088   


LINKER GENERATED COPY TABLES

__TI_cinit_table @ 00000ae4 records: 1, size/record: 8, table size: 8
	.data: load addr=00000ac8, load size=00000011 bytes, run addr=20000000, run size=00000020 bytes, compression=lzss


LINKER GENERATED HANDLER TABLE

__TI_handler_table @ 00000adc records: 2, size/record: 4, table size: 8
	index: 0, handler: __TI_decompress_lzss
	index: 1, handler: __TI_decompress_none


GLOBAL SYMBOLS: SORTED ALPHABETICALLY BY Name 

address   name                          
-------   ----                          
00000a97  ADC14_IRQHandler              
00000a97  AES256_IRQHandler             
00000a97  BusFault_Handler              
00000a9d  C$$EXIT                       
00000a97  COMP_E0_IRQHandler            
00000a97  COMP_E1_IRQHandler            
00000a97  CS_IRQHandler                 
00000a97  DMA_ERR_IRQHandler            
00000a97  DMA_INT0_IRQHandler           
00000a97  DMA_INT1_IRQHandler           
00000a97  DMA_INT2_IRQHandler           
00000a97  DMA_INT3_IRQHandler           
00000a97  DebugMon_Handler              
00000a97  Default_Handler               
00000a97  EUSCIA0_IRQHandler            
00000a97  EUSCIA1_IRQHandler            
00000a97  EUSCIA2_IRQHandler            
00000a97  EUSCIA3_IRQHandler            
00000a97  EUSCIB0_IRQHandler            
00000a97  EUSCIB1_IRQHandler            
00000a97  EUSCIB2_IRQHandler            
00000a97  EUSCIB3_IRQHandler            
00000a97  FLCTL_IRQHandler              
00000a97  FPU_IRQHandler                
000000e5  GLCD_command_write            
0000059d  GLCD_display                  
00000a97  HardFault_Handler             
00000a97  MemManage_Handler             
00000a97  NMI_Handler                   
00000a97  PCM_IRQHandler                
00000a97  PORT1_IRQHandler              
00000a97  PORT2_IRQHandler              
00000715  PORT3_IRQHandler              
00000715  PORT3_IRQHandler              
00000a97  PORT4_IRQHandler              
00000a97  PORT5_IRQHandler              
00000a97  PORT6_IRQHandler              
00000a97  PSS_IRQHandler                
00000a97  PendSV_Handler                
00000a97  RTC_C_IRQHandler              
00000a8b  Reset_Handler                 
00000a97  SVC_Handler                   
00000a97  SysTick_Handler               
0000099d  SystemInit                    
000006e1  T32_INT1_IRQHandler           
000006e1  T32_INT1_IRQHandler           
00000a97  T32_INT2_IRQHandler           
00000a97  T32_INTC_IRQHandler           
00000a97  TA0_0_IRQHandler              
00000a97  TA0_N_IRQHandler              
00000a97  TA1_0_IRQHandler              
00000a97  TA1_N_IRQHandler              
00000a97  TA2_0_IRQHandler              
00000a97  TA2_N_IRQHandler              
00000a97  TA3_0_IRQHandler              
00000a97  TA3_N_IRQHandler              
00000a97  UsageFault_Handler            
4000480c  WDTCTL_SYM                    
00000a97  WDT_A_IRQHandler              
20010000  __STACK_END                   
00000200  __STACK_SIZE                  
00000ae4  __TI_CINIT_Base               
00000aec  __TI_CINIT_Limit              
00000adc  __TI_Handler_Table_Base       
00000ae4  __TI_Handler_Table_Limit      
00000a05  __TI_auto_init_nobinit_nopinit
00000935  __TI_decompress_lzss          
00000a7d  __TI_decompress_none          
ffffffff  __TI_pprof_out_hndl           
ffffffff  __TI_prof_data_size           
ffffffff  __TI_prof_data_start          
00000000  __TI_static_base__            
00000899  __aeabi_memcpy                
00000899  __aeabi_memcpy4               
00000899  __aeabi_memcpy8               
ffffffff  __binit__                     
ffffffff  __c_args__                    
UNDEFED   __mpu_init                    
2000fe00  __stack                       
20000000  __start___llvm_prf_cnts       
20000000  __stop___llvm_prf_cnts        
00000a49  _c_int00_noargs               
UNDEFED   _system_post_cinit            
00000a99  _system_pre_init              
00000a9d  abort                         
00000651  addMin                        
000006b1  addSec                        
ffffffff  binit                         
00000363  convert_D_B                   
00000489  convert_time                  
20000008  hour                          
00000000  interruptVectors              
0000010d  main                          
00000899  memcpy                        
20000010  minute                        
00000645  reset                         
20000018  second                        
20000000  set_enable                    
20000004  set_mode                      
0000039f  time                          


GLOBAL SYMBOLS: SORTED BY Symbol Address 

address   name                          
-------   ----                          
00000000  __TI_static_base__            
00000000  interruptVectors              
000000e5  GLCD_command_write            
0000010d  main                          
00000200  __STACK_SIZE                  
00000363  convert_D_B                   
0000039f  time                          
00000489  convert_time                  
0000059d  GLCD_display                  
00000645  reset                         
00000651  addMin                        
000006b1  addSec                        
000006e1  T32_INT1_IRQHandler           
000006e1  T32_INT1_IRQHandler           
00000715  PORT3_IRQHandler              
00000715  PORT3_IRQHandler              
00000899  __aeabi_memcpy                
00000899  __aeabi_memcpy4               
00000899  __aeabi_memcpy8               
00000899  memcpy                        
00000935  __TI_decompress_lzss          
0000099d  SystemInit                    
00000a05  __TI_auto_init_nobinit_nopinit
00000a49  _c_int00_noargs               
00000a7d  __TI_decompress_none          
00000a8b  Reset_Handler                 
00000a97  ADC14_IRQHandler              
00000a97  AES256_IRQHandler             
00000a97  BusFault_Handler              
00000a97  COMP_E0_IRQHandler            
00000a97  COMP_E1_IRQHandler            
00000a97  CS_IRQHandler                 
00000a97  DMA_ERR_IRQHandler            
00000a97  DMA_INT0_IRQHandler           
00000a97  DMA_INT1_IRQHandler           
00000a97  DMA_INT2_IRQHandler           
00000a97  DMA_INT3_IRQHandler           
00000a97  DebugMon_Handler              
00000a97  Default_Handler               
00000a97  EUSCIA0_IRQHandler            
00000a97  EUSCIA1_IRQHandler            
00000a97  EUSCIA2_IRQHandler            
00000a97  EUSCIA3_IRQHandler            
00000a97  EUSCIB0_IRQHandler            
00000a97  EUSCIB1_IRQHandler            
00000a97  EUSCIB2_IRQHandler            
00000a97  EUSCIB3_IRQHandler            
00000a97  FLCTL_IRQHandler              
00000a97  FPU_IRQHandler                
00000a97  HardFault_Handler             
00000a97  MemManage_Handler             
00000a97  NMI_Handler                   
00000a97  PCM_IRQHandler                
00000a97  PORT1_IRQHandler              
00000a97  PORT2_IRQHandler              
00000a97  PORT4_IRQHandler              
00000a97  PORT5_IRQHandler              
00000a97  PORT6_IRQHandler              
00000a97  PSS_IRQHandler                
00000a97  PendSV_Handler                
00000a97  RTC_C_IRQHandler              
00000a97  SVC_Handler                   
00000a97  SysTick_Handler               
00000a97  T32_INT2_IRQHandler           
00000a97  T32_INTC_IRQHandler           
00000a97  TA0_0_IRQHandler              
00000a97  TA0_N_IRQHandler              
00000a97  TA1_0_IRQHandler              
00000a97  TA1_N_IRQHandler              
00000a97  TA2_0_IRQHandler              
00000a97  TA2_N_IRQHandler              
00000a97  TA3_0_IRQHandler              
00000a97  TA3_N_IRQHandler              
00000a97  UsageFault_Handler            
00000a97  WDT_A_IRQHandler              
00000a99  _system_pre_init              
00000a9d  C$$EXIT                       
00000a9d  abort                         
00000adc  __TI_Handler_Table_Base       
00000ae4  __TI_CINIT_Base               
00000ae4  __TI_Handler_Table_Limit      
00000aec  __TI_CINIT_Limit              
20000000  __start___llvm_prf_cnts       
20000000  __stop___llvm_prf_cnts        
20000000  set_enable                    
20000004  set_mode                      
20000008  hour                          
20000010  minute                        
20000018  second                        
2000fe00  __stack                       
20010000  __STACK_END                   
4000480c  WDTCTL_SYM                    
ffffffff  __TI_pprof_out_hndl           
ffffffff  __TI_prof_data_size           
ffffffff  __TI_prof_data_start          
ffffffff  __binit__                     
ffffffff  __c_args__                    
ffffffff  binit                         
UNDEFED   __mpu_init                    
UNDEFED   _system_post_cinit            

[100 symbols]
