******************************************************************************
                  TI ARM Linker PC v20.2.5                     
******************************************************************************
>> Linked Mon Mar 28 20:59:38 2022

OUTPUT FILE NAME:   <binary_clock_v1.out>
ENTRY POINT SYMBOL: "_c_int00_noargs"  address: 000007d5


MEMORY CONFIGURATION

         name            origin    length      used     unused   attr    fill
----------------------  --------  ---------  --------  --------  ----  --------
  MAIN                  00000000   00040000  0000087e  0003f782  R  X
  INFO                  00200000   00004000  00000000  00004000  R  X
  SRAM_CODE             01000000   00010000  0000021c  0000fde4  RW X
  SRAM_DATA             20000000   00010000  0000021c  0000fde4  RW  


SEGMENT ALLOCATION MAP

run origin  load origin   length   init length attrs members
----------  ----------- ---------- ----------- ----- -------
00000000    00000000    00000880   00000880    r-x
  00000000    00000000    000000e4   000000e4    r-- .intvecs
  000000e4    000000e4    00000748   00000748    r-x .text
  0000082c    0000082c    0000002a   0000002a    r-- .const
  00000858    00000858    00000028   00000028    r-- .cinit
20000000    20000000    0000001c   00000000    rw-
  20000000    20000000    0000001c   00000000    rw- .data
2000fe00    2000fe00    00000200   00000000    rw-
  2000fe00    2000fe00    00000200   00000000    rw- .stack


SECTION ALLOCATION MAP

 output                                  attributes/
section   page    origin      length       input sections
--------  ----  ----------  ----------   ----------------
.intvecs   0    00000000    000000e4     
                  00000000    000000e4     startup_msp432p401r_ccs.obj (.intvecs:retain)

.text      0    000000e4    00000748     
                  000000e4    000003c8     main.obj (.text)
                  000004ac    000001e0     system_msp432p401r.obj (.text)
                  0000068c    0000009c     rtsv7M4_T_le_v4SPD16_eabi.lib : memcpy_t2.asm.obj (.text)
                  00000728    00000068                                   : copy_decompress_lzss.c.obj (.text:decompress:lzss:__TI_decompress_lzss)
                  00000790    00000044                                   : autoinit.c.obj (.text:__TI_auto_init_nobinit_nopinit:__TI_auto_init_nobinit_nopinit)
                  000007d4    00000034                                   : boot_cortex_m.c.obj (.text:_c_int00_noargs:_c_int00_noargs)
                  00000808    0000000e                                   : copy_decompress_none.c.obj (.text:decompress:none:__TI_decompress_none)
                  00000816    0000000e     startup_msp432p401r_ccs.obj (.text)
                  00000824    00000004     rtsv7M4_T_le_v4SPD16_eabi.lib : pre_init.c.obj (.text:_system_pre_init)
                  00000828    00000004                                   : exit.c.obj (.text:abort:abort)

.const     0    0000082c    0000002a     
                  0000082c    00000024     main.obj (.const:$P$T0$1)
                  00000850    00000006     main.obj (.const:.string:parts)

.cinit     0    00000858    00000028     
                  00000858    00000016     (.cinit..data.load) [load image, compression = lzss]
                  0000086e    00000002     --HOLE-- [fill = 0]
                  00000870    00000008     (__TI_handler_table)
                  00000878    00000008     (__TI_cinit_table)

.init_array 
*          0    00000000    00000000     UNINITIALIZED

.binit     0    00000000    00000000     

.data      0    20000000    0000001c     UNINITIALIZED
                  20000000    00000008     main.obj (.data:hour)
                  20000008    00000008     main.obj (.data:minute)
                  20000010    00000008     main.obj (.data:second)
                  20000018    00000004     system_msp432p401r.obj (.data)

.stack     0    2000fe00    00000200     UNINITIALIZED
                  2000fe00    00000004     rtsv7M4_T_le_v4SPD16_eabi.lib : boot_cortex_m.c.obj (.stack)
                  2000fe04    000001fc     --HOLE--

__llvm_prf_cnts 
*          0    20000000    00000000     UNINITIALIZED

MODULE SUMMARY

       Module                        code   ro data   rw data
       ------                        ----   -------   -------
    .\
       main.obj                      968    42        48     
       system_msp432p401r.obj        480    0         8      
       startup_msp432p401r_ccs.obj   14     228       0      
    +--+-----------------------------+------+---------+---------+
       Total:                        1462   270       56     
                                                             
    C:\ti\ccs1110\ccs\tools\compiler\ti-cgt-arm_20.2.5.LTS\lib\rtsv7M4_T_le_v4SPD16_eabi.lib
       memcpy_t2.asm.obj             156    0         0      
       copy_decompress_lzss.c.obj    104    0         0      
       autoinit.c.obj                68     0         0      
       boot_cortex_m.c.obj           52     0         0      
       copy_decompress_none.c.obj    14     0         0      
       exit.c.obj                    4      0         0      
       pre_init.c.obj                4      0         0      
    +--+-----------------------------+------+---------+---------+
       Total:                        402    0         0      
                                                             
       Stack:                        0      0         1024   
       Linker Generated:             0      38        0      
    +--+-----------------------------+------+---------+---------+
       Grand Total:                  1864   308       1080   


LINKER GENERATED COPY TABLES

__TI_cinit_table @ 00000878 records: 1, size/record: 8, table size: 8
	.data: load addr=00000858, load size=00000016 bytes, run addr=20000000, run size=0000001c bytes, compression=lzss


LINKER GENERATED HANDLER TABLE

__TI_handler_table @ 00000870 records: 2, size/record: 4, table size: 8
	index: 0, handler: __TI_decompress_lzss
	index: 1, handler: __TI_decompress_none


GLOBAL SYMBOLS: SORTED ALPHABETICALLY BY Name 

address   name                          
-------   ----                          
00000823  ADC14_IRQHandler              
00000823  AES256_IRQHandler             
00000823  BusFault_Handler              
00000829  C$$EXIT                       
00000823  COMP_E0_IRQHandler            
00000823  COMP_E1_IRQHandler            
00000823  CS_IRQHandler                 
00000823  DMA_ERR_IRQHandler            
00000823  DMA_INT0_IRQHandler           
00000823  DMA_INT1_IRQHandler           
00000823  DMA_INT2_IRQHandler           
00000823  DMA_INT3_IRQHandler           
00000823  DebugMon_Handler              
00000823  Default_Handler               
00000823  EUSCIA0_IRQHandler            
00000823  EUSCIA1_IRQHandler            
00000823  EUSCIA2_IRQHandler            
00000823  EUSCIA3_IRQHandler            
00000823  EUSCIB0_IRQHandler            
00000823  EUSCIB1_IRQHandler            
00000823  EUSCIB2_IRQHandler            
00000823  EUSCIB3_IRQHandler            
00000823  FLCTL_IRQHandler              
00000823  FPU_IRQHandler                
00000475  GLCD_clear                    
000001e3  GLCD_command_write            
00000359  GLCD_data_write               
0000037b  GLCD_display                  
000001f3  GLCD_init                     
00000455  GLCD_setCursor                
00000367  GLCD_writePart                
00000823  HardFault_Handler             
00000823  MemManage_Handler             
00000823  NMI_Handler                   
00000823  PCM_IRQHandler                
00000823  PORT1_IRQHandler              
00000823  PORT2_IRQHandler              
00000823  PORT3_IRQHandler              
00000823  PORT4_IRQHandler              
00000823  PORT5_IRQHandler              
00000823  PORT6_IRQHandler              
00000823  PSS_IRQHandler                
00000823  PendSV_Handler                
00000823  RTC_C_IRQHandler              
00000817  Reset_Handler                 
00000195  SPI_init                      
000001c3  SPI_write                     
00000823  SVC_Handler                   
00000823  SysTick_Handler               
20000018  SystemCoreClock               
00000503  SystemCoreClockUpdate         
000004ad  SystemInit                    
00000823  T32_INT1_IRQHandler           
00000823  T32_INT2_IRQHandler           
00000823  T32_INTC_IRQHandler           
00000823  TA0_0_IRQHandler              
00000823  TA0_N_IRQHandler              
00000823  TA1_0_IRQHandler              
00000823  TA1_N_IRQHandler              
00000823  TA2_0_IRQHandler              
00000823  TA2_N_IRQHandler              
00000823  TA3_0_IRQHandler              
00000823  TA3_N_IRQHandler              
00000823  UsageFault_Handler            
4000480c  WDTCTL_SYM                    
00000823  WDT_A_IRQHandler              
20010000  __STACK_END                   
00000200  __STACK_SIZE                  
00000878  __TI_CINIT_Base               
00000880  __TI_CINIT_Limit              
00000870  __TI_Handler_Table_Base       
00000878  __TI_Handler_Table_Limit      
00000791  __TI_auto_init_nobinit_nopinit
00000729  __TI_decompress_lzss          
00000809  __TI_decompress_none          
ffffffff  __TI_pprof_out_hndl           
ffffffff  __TI_prof_data_size           
ffffffff  __TI_prof_data_start          
00000000  __TI_static_base__            
0000068d  __aeabi_memcpy                
0000068d  __aeabi_memcpy4               
0000068d  __aeabi_memcpy8               
ffffffff  __binit__                     
ffffffff  __c_args__                    
UNDEFED   __mpu_init                    
2000fe00  __stack                       
20000000  __start___llvm_prf_cnts       
20000000  __stop___llvm_prf_cnts        
000007d5  _c_int00_noargs               
UNDEFED   _system_post_cinit            
00000825  _system_pre_init              
00000829  abort                         
000003b3  addHour                       
000003dd  addMin                        
00000405  addSec                        
ffffffff  binit                         
000000e5  convert_D_B                   
00000243  convert_time                  
20000000  hour                          
00000000  interruptVectors              
0000042d  main                          
0000068d  memcpy                        
20000008  minute                        
0000017d  part                          
00000850  parts                         
00000167  reset_time                    
20000010  second                        
00000121  time                          


GLOBAL SYMBOLS: SORTED BY Symbol Address 

address   name                          
-------   ----                          
00000000  __TI_static_base__            
00000000  interruptVectors              
000000e5  convert_D_B                   
00000121  time                          
00000167  reset_time                    
0000017d  part                          
00000195  SPI_init                      
000001c3  SPI_write                     
000001e3  GLCD_command_write            
000001f3  GLCD_init                     
00000200  __STACK_SIZE                  
00000243  convert_time                  
00000359  GLCD_data_write               
00000367  GLCD_writePart                
0000037b  GLCD_display                  
000003b3  addHour                       
000003dd  addMin                        
00000405  addSec                        
0000042d  main                          
00000455  GLCD_setCursor                
00000475  GLCD_clear                    
000004ad  SystemInit                    
00000503  SystemCoreClockUpdate         
0000068d  __aeabi_memcpy                
0000068d  __aeabi_memcpy4               
0000068d  __aeabi_memcpy8               
0000068d  memcpy                        
00000729  __TI_decompress_lzss          
00000791  __TI_auto_init_nobinit_nopinit
000007d5  _c_int00_noargs               
00000809  __TI_decompress_none          
00000817  Reset_Handler                 
00000823  ADC14_IRQHandler              
00000823  AES256_IRQHandler             
00000823  BusFault_Handler              
00000823  COMP_E0_IRQHandler            
00000823  COMP_E1_IRQHandler            
00000823  CS_IRQHandler                 
00000823  DMA_ERR_IRQHandler            
00000823  DMA_INT0_IRQHandler           
00000823  DMA_INT1_IRQHandler           
00000823  DMA_INT2_IRQHandler           
00000823  DMA_INT3_IRQHandler           
00000823  DebugMon_Handler              
00000823  Default_Handler               
00000823  EUSCIA0_IRQHandler            
00000823  EUSCIA1_IRQHandler            
00000823  EUSCIA2_IRQHandler            
00000823  EUSCIA3_IRQHandler            
00000823  EUSCIB0_IRQHandler            
00000823  EUSCIB1_IRQHandler            
00000823  EUSCIB2_IRQHandler            
00000823  EUSCIB3_IRQHandler            
00000823  FLCTL_IRQHandler              
00000823  FPU_IRQHandler                
00000823  HardFault_Handler             
00000823  MemManage_Handler             
00000823  NMI_Handler                   
00000823  PCM_IRQHandler                
00000823  PORT1_IRQHandler              
00000823  PORT2_IRQHandler              
00000823  PORT3_IRQHandler              
00000823  PORT4_IRQHandler              
00000823  PORT5_IRQHandler              
00000823  PORT6_IRQHandler              
00000823  PSS_IRQHandler                
00000823  PendSV_Handler                
00000823  RTC_C_IRQHandler              
00000823  SVC_Handler                   
00000823  SysTick_Handler               
00000823  T32_INT1_IRQHandler           
00000823  T32_INT2_IRQHandler           
00000823  T32_INTC_IRQHandler           
00000823  TA0_0_IRQHandler              
00000823  TA0_N_IRQHandler              
00000823  TA1_0_IRQHandler              
00000823  TA1_N_IRQHandler              
00000823  TA2_0_IRQHandler              
00000823  TA2_N_IRQHandler              
00000823  TA3_0_IRQHandler              
00000823  TA3_N_IRQHandler              
00000823  UsageFault_Handler            
00000823  WDT_A_IRQHandler              
00000825  _system_pre_init              
00000829  C$$EXIT                       
00000829  abort                         
00000850  parts                         
00000870  __TI_Handler_Table_Base       
00000878  __TI_CINIT_Base               
00000878  __TI_Handler_Table_Limit      
00000880  __TI_CINIT_Limit              
20000000  __start___llvm_prf_cnts       
20000000  __stop___llvm_prf_cnts        
20000000  hour                          
20000008  minute                        
20000010  second                        
20000018  SystemCoreClock               
2000fe00  __stack                       
20010000  __STACK_END                   
4000480c  WDTCTL_SYM                    
ffffffff  __TI_pprof_out_hndl           
ffffffff  __TI_prof_data_size           
ffffffff  __TI_prof_data_start          
ffffffff  __binit__                     
ffffffff  __c_args__                    
ffffffff  binit                         
UNDEFED   __mpu_init                    
UNDEFED   _system_post_cinit            

[108 symbols]
