******************************************************************************
                  TI ARM Linker PC v20.2.5                     
******************************************************************************
>> Linked Mon Mar 28 20:59:37 2022

OUTPUT FILE NAME:   <binary_clock_v1.out>
ENTRY POINT SYMBOL: "_c_int00_noargs"  address: 00000861


MEMORY CONFIGURATION

         name            origin    length      used     unused   attr    fill
----------------------  --------  ---------  --------  --------  ----  --------
  MAIN                  00000000   00040000  0000090a  0003f6f6  R  X
  INFO                  00200000   00004000  00000000  00004000  R  X
  SRAM_CODE             01000000   00010000  0000021c  0000fde4  RW X
  SRAM_DATA             20000000   00010000  0000021c  0000fde4  RW  


SEGMENT ALLOCATION MAP

run origin  load origin   length   init length attrs members
----------  ----------- ---------- ----------- ----- -------
00000000    00000000    00000910   00000910    r-x
  00000000    00000000    000000e4   000000e4    r-- .intvecs
  000000e4    000000e4    000007d4   000007d4    r-x .text
  000008b8    000008b8    0000002a   0000002a    r-- .const
  000008e8    000008e8    00000028   00000028    r-- .cinit
20000000    20000000    0000001c   00000000    rw-
  20000000    20000000    0000001c   00000000    rw- .data
2000fe00    2000fe00    00000200   00000000    rw-
  2000fe00    2000fe00    00000200   00000000    rw- .stack


SECTION ALLOCATION MAP

 output                                  attributes/
section   page    origin      length       input sections
--------  ----  ----------  ----------   ----------------
.intvecs   0    00000000    000000e4     
                  00000000    000000e4     startup_msp432p401r_ccs.obj (.intvecs:retain)

.text      0    000000e4    000007d4     
                  000000e4    00000424     main.obj (.text)
                  00000508    00000210     system_msp432p401r.obj (.text)
                  00000718    0000009c     rtsv7M4_T_le_v4SPD16_eabi.lib : memcpy_t2.asm.obj (.text)
                  000007b4    00000068                                   : copy_decompress_lzss.c.obj (.text:decompress:lzss:__TI_decompress_lzss)
                  0000081c    00000044                                   : autoinit.c.obj (.text:__TI_auto_init_nobinit_nopinit:__TI_auto_init_nobinit_nopinit)
                  00000860    00000034                                   : boot_cortex_m.c.obj (.text:_c_int00_noargs:_c_int00_noargs)
                  00000894    0000000e                                   : copy_decompress_none.c.obj (.text:decompress:none:__TI_decompress_none)
                  000008a2    0000000e     startup_msp432p401r_ccs.obj (.text)
                  000008b0    00000004     rtsv7M4_T_le_v4SPD16_eabi.lib : pre_init.c.obj (.text:_system_pre_init)
                  000008b4    00000004                                   : exit.c.obj (.text:abort:abort)

.const     0    000008b8    0000002a     
                  000008b8    00000024     main.obj (.const:$P$T0$1)
                  000008dc    00000006     main.obj (.const:.string:parts)

.cinit     0    000008e8    00000028     
                  000008e8    00000016     (.cinit..data.load) [load image, compression = lzss]
                  000008fe    00000002     --HOLE-- [fill = 0]
                  00000900    00000008     (__TI_handler_table)
                  00000908    00000008     (__TI_cinit_table)

.init_array 
*          0    00000000    00000000     UNINITIALIZED

.binit     0    00000000    00000000     

.data      0    20000000    0000001c     UNINITIALIZED
                  20000000    00000008     main.obj (.data:hour)
                  20000008    00000008     main.obj (.data:minute)
                  20000010    00000008     main.obj (.data:second)
                  20000018    00000004     system_msp432p401r.obj (.data)

.stack     0    2000fe00    00000200     UNINITIALIZED
                  2000fe00    00000004     rtsv7M4_T_le_v4SPD16_eabi.lib : boot_cortex_m.c.obj (.stack)
                  2000fe04    000001fc     --HOLE--

__llvm_prf_cnts 
*          0    20000000    00000000     UNINITIALIZED

MODULE SUMMARY

       Module                        code   ro data   rw data
       ------                        ----   -------   -------
    .\
       main.obj                      1060   42        48     
       system_msp432p401r.obj        528    0         8      
       startup_msp432p401r_ccs.obj   14     228       0      
    +--+-----------------------------+------+---------+---------+
       Total:                        1602   270       56     
                                                             
    C:\ti\ccs1110\ccs\tools\compiler\ti-cgt-arm_20.2.5.LTS\lib\rtsv7M4_T_le_v4SPD16_eabi.lib
       memcpy_t2.asm.obj             156    0         0      
       copy_decompress_lzss.c.obj    104    0         0      
       autoinit.c.obj                68     0         0      
       boot_cortex_m.c.obj           52     0         0      
       copy_decompress_none.c.obj    14     0         0      
       exit.c.obj                    4      0         0      
       pre_init.c.obj                4      0         0      
    +--+-----------------------------+------+---------+---------+
       Total:                        402    0         0      
                                                             
       Stack:                        0      0         1024   
       Linker Generated:             0      38        0      
    +--+-----------------------------+------+---------+---------+
       Grand Total:                  2004   308       1080   


LINKER GENERATED COPY TABLES

__TI_cinit_table @ 00000908 records: 1, size/record: 8, table size: 8
	.data: load addr=000008e8, load size=00000016 bytes, run addr=20000000, run size=0000001c bytes, compression=lzss


LINKER GENERATED HANDLER TABLE

__TI_handler_table @ 00000900 records: 2, size/record: 4, table size: 8
	index: 0, handler: __TI_decompress_lzss
	index: 1, handler: __TI_decompress_none


GLOBAL SYMBOLS: SORTED ALPHABETICALLY BY Name 

address   name                          
-------   ----                          
000008af  ADC14_IRQHandler              
000008af  AES256_IRQHandler             
000008af  BusFault_Handler              
000008b5  C$$EXIT                       
000008af  COMP_E0_IRQHandler            
000008af  COMP_E1_IRQHandler            
000008af  CS_IRQHandler                 
000008af  DMA_ERR_IRQHandler            
000008af  DMA_INT0_IRQHandler           
000008af  DMA_INT1_IRQHandler           
000008af  DMA_INT2_IRQHandler           
000008af  DMA_INT3_IRQHandler           
000008af  DebugMon_Handler              
000008af  Default_Handler               
000008af  EUSCIA0_IRQHandler            
000008af  EUSCIA1_IRQHandler            
000008af  EUSCIA2_IRQHandler            
000008af  EUSCIA3_IRQHandler            
000008af  EUSCIB0_IRQHandler            
000008af  EUSCIB1_IRQHandler            
000008af  EUSCIB2_IRQHandler            
000008af  EUSCIB3_IRQHandler            
000008af  FLCTL_IRQHandler              
000008af  FPU_IRQHandler                
000004dd  GLCD_clear                    
000001e9  GLCD_command_write            
000003a3  GLCD_data_write               
000003c5  GLCD_display                  
000001f7  GLCD_init                     
000004c1  GLCD_setCursor                
000003b1  GLCD_writePart                
000008af  HardFault_Handler             
000008af  MemManage_Handler             
000008af  NMI_Handler                   
000008af  PCM_IRQHandler                
000008af  PORT1_IRQHandler              
000008af  PORT2_IRQHandler              
000008af  PORT3_IRQHandler              
000008af  PORT4_IRQHandler              
000008af  PORT5_IRQHandler              
000008af  PORT6_IRQHandler              
000008af  PSS_IRQHandler                
000008af  PendSV_Handler                
000008af  RTC_C_IRQHandler              
000008a3  Reset_Handler                 
0000018f  SPI_init                      
000001c1  SPI_write                     
000008af  SVC_Handler                   
000008af  SysTick_Handler               
20000018  SystemCoreClock               
0000055b  SystemCoreClockUpdate         
00000509  SystemInit                    
000008af  T32_INT1_IRQHandler           
000008af  T32_INT2_IRQHandler           
000008af  T32_INTC_IRQHandler           
000008af  TA0_0_IRQHandler              
000008af  TA0_N_IRQHandler              
000008af  TA1_0_IRQHandler              
000008af  TA1_N_IRQHandler              
000008af  TA2_0_IRQHandler              
000008af  TA2_N_IRQHandler              
000008af  TA3_0_IRQHandler              
000008af  TA3_N_IRQHandler              
000008af  UsageFault_Handler            
4000480c  WDTCTL_SYM                    
000008af  WDT_A_IRQHandler              
20010000  __STACK_END                   
00000200  __STACK_SIZE                  
00000908  __TI_CINIT_Base               
00000910  __TI_CINIT_Limit              
00000900  __TI_Handler_Table_Base       
00000908  __TI_Handler_Table_Limit      
0000081d  __TI_auto_init_nobinit_nopinit
000007b5  __TI_decompress_lzss          
00000895  __TI_decompress_none          
ffffffff  __TI_pprof_out_hndl           
ffffffff  __TI_prof_data_size           
ffffffff  __TI_prof_data_start          
00000000  __TI_static_base__            
00000719  __aeabi_memcpy                
00000719  __aeabi_memcpy4               
00000719  __aeabi_memcpy8               
ffffffff  __binit__                     
ffffffff  __c_args__                    
UNDEFED   __mpu_init                    
2000fe00  __stack                       
20000000  __start___llvm_prf_cnts       
20000000  __stop___llvm_prf_cnts        
00000861  _c_int00_noargs               
UNDEFED   _system_post_cinit            
000008b1  _system_pre_init              
000008b5  abort                         
00000407  addHour                       
00000439  addMin                        
00000469  addSec                        
ffffffff  binit                         
000000e5  convert_D_B                   
00000249  convert_time                  
20000000  hour                          
00000000  interruptVectors              
00000499  main                          
00000719  memcpy                        
20000008  minute                        
0000017d  part                          
000008dc  parts                         
00000167  reset_time                    
20000010  second                        
00000121  time                          


GLOBAL SYMBOLS: SORTED BY Symbol Address 

address   name                          
-------   ----                          
00000000  __TI_static_base__            
00000000  interruptVectors              
000000e5  convert_D_B                   
00000121  time                          
00000167  reset_time                    
0000017d  part                          
0000018f  SPI_init                      
000001c1  SPI_write                     
000001e9  GLCD_command_write            
000001f7  GLCD_init                     
00000200  __STACK_SIZE                  
00000249  convert_time                  
000003a3  GLCD_data_write               
000003b1  GLCD_writePart                
000003c5  GLCD_display                  
00000407  addHour                       
00000439  addMin                        
00000469  addSec                        
00000499  main                          
000004c1  GLCD_setCursor                
000004dd  GLCD_clear                    
00000509  SystemInit                    
0000055b  SystemCoreClockUpdate         
00000719  __aeabi_memcpy                
00000719  __aeabi_memcpy4               
00000719  __aeabi_memcpy8               
00000719  memcpy                        
000007b5  __TI_decompress_lzss          
0000081d  __TI_auto_init_nobinit_nopinit
00000861  _c_int00_noargs               
00000895  __TI_decompress_none          
000008a3  Reset_Handler                 
000008af  ADC14_IRQHandler              
000008af  AES256_IRQHandler             
000008af  BusFault_Handler              
000008af  COMP_E0_IRQHandler            
000008af  COMP_E1_IRQHandler            
000008af  CS_IRQHandler                 
000008af  DMA_ERR_IRQHandler            
000008af  DMA_INT0_IRQHandler           
000008af  DMA_INT1_IRQHandler           
000008af  DMA_INT2_IRQHandler           
000008af  DMA_INT3_IRQHandler           
000008af  DebugMon_Handler              
000008af  Default_Handler               
000008af  EUSCIA0_IRQHandler            
000008af  EUSCIA1_IRQHandler            
000008af  EUSCIA2_IRQHandler            
000008af  EUSCIA3_IRQHandler            
000008af  EUSCIB0_IRQHandler            
000008af  EUSCIB1_IRQHandler            
000008af  EUSCIB2_IRQHandler            
000008af  EUSCIB3_IRQHandler            
000008af  FLCTL_IRQHandler              
000008af  FPU_IRQHandler                
000008af  HardFault_Handler             
000008af  MemManage_Handler             
000008af  NMI_Handler                   
000008af  PCM_IRQHandler                
000008af  PORT1_IRQHandler              
000008af  PORT2_IRQHandler              
000008af  PORT3_IRQHandler              
000008af  PORT4_IRQHandler              
000008af  PORT5_IRQHandler              
000008af  PORT6_IRQHandler              
000008af  PSS_IRQHandler                
000008af  PendSV_Handler                
000008af  RTC_C_IRQHandler              
000008af  SVC_Handler                   
000008af  SysTick_Handler               
000008af  T32_INT1_IRQHandler           
000008af  T32_INT2_IRQHandler           
000008af  T32_INTC_IRQHandler           
000008af  TA0_0_IRQHandler              
000008af  TA0_N_IRQHandler              
000008af  TA1_0_IRQHandler              
000008af  TA1_N_IRQHandler              
000008af  TA2_0_IRQHandler              
000008af  TA2_N_IRQHandler              
000008af  TA3_0_IRQHandler              
000008af  TA3_N_IRQHandler              
000008af  UsageFault_Handler            
000008af  WDT_A_IRQHandler              
000008b1  _system_pre_init              
000008b5  C$$EXIT                       
000008b5  abort                         
000008dc  parts                         
00000900  __TI_Handler_Table_Base       
00000908  __TI_CINIT_Base               
00000908  __TI_Handler_Table_Limit      
00000910  __TI_CINIT_Limit              
20000000  __start___llvm_prf_cnts       
20000000  __stop___llvm_prf_cnts        
20000000  hour                          
20000008  minute                        
20000010  second                        
20000018  SystemCoreClock               
2000fe00  __stack                       
20010000  __STACK_END                   
4000480c  WDTCTL_SYM                    
ffffffff  __TI_pprof_out_hndl           
ffffffff  __TI_prof_data_size           
ffffffff  __TI_prof_data_start          
ffffffff  __binit__                     
ffffffff  __c_args__                    
ffffffff  binit                         
UNDEFED   __mpu_init                    
UNDEFED   _system_post_cinit            

[108 symbols]
