******************************************************************************
                  TI ARM Linker PC v20.2.5                     
******************************************************************************
>> Linked Mon Mar 28 20:59:39 2022

OUTPUT FILE NAME:   <binary_clock_v1.out>
ENTRY POINT SYMBOL: "_c_int00_noargs"  address: 00000799


MEMORY CONFIGURATION

         name            origin    length      used     unused   attr    fill
----------------------  --------  ---------  --------  --------  ----  --------
  MAIN                  00000000   00040000  00000844  0003f7bc  R  X
  INFO                  00200000   00004000  00000000  00004000  R  X
  SRAM_CODE             01000000   00010000  0000021c  0000fde4  RW X
  SRAM_DATA             20000000   00010000  0000021c  0000fde4  RW  


SEGMENT ALLOCATION MAP

run origin  load origin   length   init length attrs members
----------  ----------- ---------- ----------- ----- -------
00000000    00000000    00000848   00000848    r-x
  00000000    00000000    000000e4   000000e4    r-- .intvecs
  000000e4    000000e4    0000070c   0000070c    r-x .text
  000007f0    000007f0    0000002c   0000002c    r-- .const
  00000820    00000820    00000028   00000028    r-- .cinit
20000000    20000000    0000001c   00000000    rw-
  20000000    20000000    0000001c   00000000    rw- .data
2000fe00    2000fe00    00000200   00000000    rw-
  2000fe00    2000fe00    00000200   00000000    rw- .stack


SECTION ALLOCATION MAP

 output                                  attributes/
section   page    origin      length       input sections
--------  ----  ----------  ----------   ----------------
.intvecs   0    00000000    000000e4     
                  00000000    000000e4     startup_msp432p401r_ccs.obj (.intvecs:retain)

.text      0    000000e4    0000070c     
                  000000e4    0000038c     main.obj (.text)
                  00000470    000001e0     system_msp432p401r.obj (.text)
                  00000650    0000009c     rtsv7M4_T_le_v4SPD16_eabi.lib : memcpy_t2.asm.obj (.text)
                  000006ec    00000068                                   : copy_decompress_lzss.c.obj (.text:decompress:lzss:__TI_decompress_lzss)
                  00000754    00000044                                   : autoinit.c.obj (.text:__TI_auto_init_nobinit_nopinit:__TI_auto_init_nobinit_nopinit)
                  00000798    00000034                                   : boot_cortex_m.c.obj (.text:_c_int00_noargs:_c_int00_noargs)
                  000007cc    0000000e                                   : copy_decompress_none.c.obj (.text:decompress:none:__TI_decompress_none)
                  000007da    0000000e     startup_msp432p401r_ccs.obj (.text)
                  000007e8    00000004     rtsv7M4_T_le_v4SPD16_eabi.lib : pre_init.c.obj (.text:_system_pre_init)
                  000007ec    00000004                                   : exit.c.obj (.text:abort:abort)

.const     0    000007f0    0000002c     
                  000007f0    0000002c     main.obj (.const:$O2$$)

.cinit     0    00000820    00000028     
                  00000820    00000016     (.cinit..data.load) [load image, compression = lzss]
                  00000836    00000002     --HOLE-- [fill = 0]
                  00000838    00000008     (__TI_handler_table)
                  00000840    00000008     (__TI_cinit_table)

.init_array 
*          0    00000000    00000000     UNINITIALIZED

.binit     0    00000000    00000000     

.data      0    20000000    0000001c     UNINITIALIZED
                  20000000    00000018     main.obj (.data:$O1$$)
                  20000018    00000004     system_msp432p401r.obj (.data)

.stack     0    2000fe00    00000200     UNINITIALIZED
                  2000fe00    00000004     rtsv7M4_T_le_v4SPD16_eabi.lib : boot_cortex_m.c.obj (.stack)
                  2000fe04    000001fc     --HOLE--

__llvm_prf_cnts 
*          0    20000000    00000000     UNINITIALIZED

MODULE SUMMARY

       Module                        code   ro data   rw data
       ------                        ----   -------   -------
    .\
       main.obj                      908    44        48     
       system_msp432p401r.obj        480    0         8      
       startup_msp432p401r_ccs.obj   14     228       0      
    +--+-----------------------------+------+---------+---------+
       Total:                        1402   272       56     
                                                             
    C:\ti\ccs1110\ccs\tools\compiler\ti-cgt-arm_20.2.5.LTS\lib\rtsv7M4_T_le_v4SPD16_eabi.lib
       memcpy_t2.asm.obj             156    0         0      
       copy_decompress_lzss.c.obj    104    0         0      
       autoinit.c.obj                68     0         0      
       boot_cortex_m.c.obj           52     0         0      
       copy_decompress_none.c.obj    14     0         0      
       exit.c.obj                    4      0         0      
       pre_init.c.obj                4      0         0      
    +--+-----------------------------+------+---------+---------+
       Total:                        402    0         0      
                                                             
       Stack:                        0      0         1024   
       Linker Generated:             0      38        0      
    +--+-----------------------------+------+---------+---------+
       Grand Total:                  1804   310       1080   


LINKER GENERATED COPY TABLES

__TI_cinit_table @ 00000840 records: 1, size/record: 8, table size: 8
	.data: load addr=00000820, load size=00000016 bytes, run addr=20000000, run size=0000001c bytes, compression=lzss


LINKER GENERATED HANDLER TABLE

__TI_handler_table @ 00000838 records: 2, size/record: 4, table size: 8
	index: 0, handler: __TI_decompress_lzss
	index: 1, handler: __TI_decompress_none


GLOBAL SYMBOLS: SORTED ALPHABETICALLY BY Name 

address   name                          
-------   ----                          
000007e7  ADC14_IRQHandler              
000007e7  AES256_IRQHandler             
000007e7  BusFault_Handler              
000007ed  C$$EXIT                       
000007e7  COMP_E0_IRQHandler            
000007e7  COMP_E1_IRQHandler            
000007e7  CS_IRQHandler                 
000007e7  DMA_ERR_IRQHandler            
000007e7  DMA_INT0_IRQHandler           
000007e7  DMA_INT1_IRQHandler           
000007e7  DMA_INT2_IRQHandler           
000007e7  DMA_INT3_IRQHandler           
000007e7  DebugMon_Handler              
000007e7  Default_Handler               
000007e7  EUSCIA0_IRQHandler            
000007e7  EUSCIA1_IRQHandler            
000007e7  EUSCIA2_IRQHandler            
000007e7  EUSCIA3_IRQHandler            
000007e7  EUSCIB0_IRQHandler            
000007e7  EUSCIB1_IRQHandler            
000007e7  EUSCIB2_IRQHandler            
000007e7  EUSCIB3_IRQHandler            
000007e7  FLCTL_IRQHandler              
000007e7  FPU_IRQHandler                
00000103  GLCD_command_write            
000002a5  GLCD_data_write               
000002b3  GLCD_display                  
000007e7  HardFault_Handler             
000007e7  MemManage_Handler             
000007e7  NMI_Handler                   
000007e7  PCM_IRQHandler                
000007e7  PORT1_IRQHandler              
000007e7  PORT2_IRQHandler              
000007e7  PORT3_IRQHandler              
000007e7  PORT4_IRQHandler              
000007e7  PORT5_IRQHandler              
000007e7  PORT6_IRQHandler              
000007e7  PSS_IRQHandler                
000007e7  PendSV_Handler                
000007e7  RTC_C_IRQHandler              
000007db  Reset_Handler                 
000000e5  SPI_write                     
000007e7  SVC_Handler                   
000007e7  SysTick_Handler               
20000018  SystemCoreClock               
000004c7  SystemCoreClockUpdate         
00000471  SystemInit                    
000007e7  T32_INT1_IRQHandler           
000007e7  T32_INT2_IRQHandler           
000007e7  T32_INTC_IRQHandler           
000007e7  TA0_0_IRQHandler              
000007e7  TA0_N_IRQHandler              
000007e7  TA1_0_IRQHandler              
000007e7  TA1_N_IRQHandler              
000007e7  TA2_0_IRQHandler              
000007e7  TA2_N_IRQHandler              
000007e7  TA3_0_IRQHandler              
000007e7  TA3_N_IRQHandler              
000007e7  UsageFault_Handler            
4000480c  WDTCTL_SYM                    
000007e7  WDT_A_IRQHandler              
20010000  __STACK_END                   
00000200  __STACK_SIZE                  
00000840  __TI_CINIT_Base               
00000848  __TI_CINIT_Limit              
00000838  __TI_Handler_Table_Base       
00000840  __TI_Handler_Table_Limit      
00000755  __TI_auto_init_nobinit_nopinit
000006ed  __TI_decompress_lzss          
000007cd  __TI_decompress_none          
ffffffff  __TI_pprof_out_hndl           
ffffffff  __TI_prof_data_size           
ffffffff  __TI_prof_data_start          
00000000  __TI_static_base__            
00000651  __aeabi_memcpy                
00000651  __aeabi_memcpy4               
00000651  __aeabi_memcpy8               
ffffffff  __binit__                     
ffffffff  __c_args__                    
UNDEFED   __mpu_init                    
2000fe00  __stack                       
20000000  __start___llvm_prf_cnts       
20000000  __stop___llvm_prf_cnts        
00000799  _c_int00_noargs               
UNDEFED   _system_post_cinit            
000007e9  _system_pre_init              
000007ed  abort                         
ffffffff  binit                         
00000111  convert_D_B                   
0000018f  convert_time                  
20000000  hour                          
00000000  interruptVectors              
00000321  main                          
00000651  memcpy                        
20000008  minute                        
000007f0  parts                         
20000010  second                        
0000014d  time                          


GLOBAL SYMBOLS: SORTED BY Symbol Address 

address   name                          
-------   ----                          
00000000  __TI_static_base__            
00000000  interruptVectors              
000000e5  SPI_write                     
00000103  GLCD_command_write            
00000111  convert_D_B                   
0000014d  time                          
0000018f  convert_time                  
00000200  __STACK_SIZE                  
000002a5  GLCD_data_write               
000002b3  GLCD_display                  
00000321  main                          
00000471  SystemInit                    
000004c7  SystemCoreClockUpdate         
00000651  __aeabi_memcpy                
00000651  __aeabi_memcpy4               
00000651  __aeabi_memcpy8               
00000651  memcpy                        
000006ed  __TI_decompress_lzss          
00000755  __TI_auto_init_nobinit_nopinit
00000799  _c_int00_noargs               
000007cd  __TI_decompress_none          
000007db  Reset_Handler                 
000007e7  ADC14_IRQHandler              
000007e7  AES256_IRQHandler             
000007e7  BusFault_Handler              
000007e7  COMP_E0_IRQHandler            
000007e7  COMP_E1_IRQHandler            
000007e7  CS_IRQHandler                 
000007e7  DMA_ERR_IRQHandler            
000007e7  DMA_INT0_IRQHandler           
000007e7  DMA_INT1_IRQHandler           
000007e7  DMA_INT2_IRQHandler           
000007e7  DMA_INT3_IRQHandler           
000007e7  DebugMon_Handler              
000007e7  Default_Handler               
000007e7  EUSCIA0_IRQHandler            
000007e7  EUSCIA1_IRQHandler            
000007e7  EUSCIA2_IRQHandler            
000007e7  EUSCIA3_IRQHandler            
000007e7  EUSCIB0_IRQHandler            
000007e7  EUSCIB1_IRQHandler            
000007e7  EUSCIB2_IRQHandler            
000007e7  EUSCIB3_IRQHandler            
000007e7  FLCTL_IRQHandler              
000007e7  FPU_IRQHandler                
000007e7  HardFault_Handler             
000007e7  MemManage_Handler             
000007e7  NMI_Handler                   
000007e7  PCM_IRQHandler                
000007e7  PORT1_IRQHandler              
000007e7  PORT2_IRQHandler              
000007e7  PORT3_IRQHandler              
000007e7  PORT4_IRQHandler              
000007e7  PORT5_IRQHandler              
000007e7  PORT6_IRQHandler              
000007e7  PSS_IRQHandler                
000007e7  PendSV_Handler                
000007e7  RTC_C_IRQHandler              
000007e7  SVC_Handler                   
000007e7  SysTick_Handler               
000007e7  T32_INT1_IRQHandler           
000007e7  T32_INT2_IRQHandler           
000007e7  T32_INTC_IRQHandler           
000007e7  TA0_0_IRQHandler              
000007e7  TA0_N_IRQHandler              
000007e7  TA1_0_IRQHandler              
000007e7  TA1_N_IRQHandler              
000007e7  TA2_0_IRQHandler              
000007e7  TA2_N_IRQHandler              
000007e7  TA3_0_IRQHandler              
000007e7  TA3_N_IRQHandler              
000007e7  UsageFault_Handler            
000007e7  WDT_A_IRQHandler              
000007e9  _system_pre_init              
000007ed  C$$EXIT                       
000007ed  abort                         
000007f0  parts                         
00000838  __TI_Handler_Table_Base       
00000840  __TI_CINIT_Base               
00000840  __TI_Handler_Table_Limit      
00000848  __TI_CINIT_Limit              
20000000  __start___llvm_prf_cnts       
20000000  __stop___llvm_prf_cnts        
20000000  hour                          
20000008  minute                        
20000010  second                        
20000018  SystemCoreClock               
2000fe00  __stack                       
20010000  __STACK_END                   
4000480c  WDTCTL_SYM                    
ffffffff  __TI_pprof_out_hndl           
ffffffff  __TI_prof_data_size           
ffffffff  __TI_prof_data_start          
ffffffff  __binit__                     
ffffffff  __c_args__                    
ffffffff  binit                         
UNDEFED   __mpu_init                    
UNDEFED   _system_post_cinit            

[98 symbols]
